//
// Scilab ( http://www.scilab.org/ ) - This file is part of Scilab
// Copyright (C) 2010-2010 - DIGITEO - Bruno JOFRET
//
// This file must be used under the terms of the CeCILL.
// This source file is licensed as described in the file COPYING, which
// you should have received as part of this distribution.  The terms
// are also available at
// http://www.cecill.info/licences/Licence_CeCILL_V2-en.txt
//
//
// <-- ENGLISH IMPOSED -->
// <-- JVM NOT MANDATORY -->
global SCI2CHOME;
scilab2c(SCI2CHOME+"/tests/unit_tests/double/test_Type.sci", TMPDIR);
 
 -----------------------------------   
 
 --- Executing your SCILAB code. ---   
 
 -----------------------------------   
 
    1.  
 
    1.  
 
    1.  
 
    1.  
 
 ------------------------------------------   
 
 --- End Execution of your SCILAB code. ---   
 
 ------------------------------------------   
 
          ==> SCI2C hArtes/POLIBA Tool!!!   
 
 Removing directory: TMPDIR/SCI2CTmpResultsReports   
 
 Removing directory: TMPDIR   
 
          ==> Initialize SCI2C and USER2C Libraries.   
 
          ==> Load SCI2C and USER2C Libraries.   
 
          ==> Start translation of function "test_Type"   
Warning: file 'TMPDIR/SCI2CTmpResultsReports/test_Type/test_Type_copy.sci' already opened in Scilab.
Warning: file 'TMPDIR/SCI2CTmpResultsReports/test_Type/test_Type_copy.sci' already opened in Scilab.
 
          ==> Generate the AST.   
 
          ==> Generate C code in TMPDIR/main.c   
 
    /*SCI2C: ########################################################## 
      ########                                                          
 
      SCI2C:    
 
      SCI2C: ########################################################## 
      ########*/                                                        
 
    /*SCI2C: ########################################################## 
      ########                                                          
 
      SCI2C: 	disp(type(%pi));   
 
      SCI2C: ########################################################## 
      ########*/                                                        
 
    /*SCI2C: ########################################################## 
      ########                                                          
 
      SCI2C: 	disp(type(%pi + %i));   
 
      SCI2C: ########################################################## 
      ########*/                                                        
 
    /*SCI2C: ########################################################## 
      ########                                                          
 
      SCI2C: 	disp(type([%pi  4]));   
 
      SCI2C: ########################################################## 
      ########*/                                                        
 
    /*SCI2C: ########################################################## 
      ########                                                          
 
      SCI2C: 	disp(type([%pi %i]));	   
 
      SCI2C: ########################################################## 
      ########*/                                                        
 
    /*SCI2C: ########################################################## 
      ########                                                          
 
      SCI2C:    
 
      SCI2C: ########################################################## 
      ########*/                                                        
 
    /*SCI2C: ########################################################## 
      ########                                                          
 
      SCI2C: endfunction   
 
      SCI2C: ########################################################## 
      ########*/                                                        
 
    /*SCI2C: ########################################################## 
      ########                                                          
 
      SCI2C:    
 
      SCI2C: ########################################################## 
      ########*/                                                        
 
    /*SCI2C: ########################################################## 
      ########                                                          
 
      SCI2C:    
 
      SCI2C: ########################################################## 
      ########*/                                                        
 
          ==> Copying sources   
 
          ==> Copying headers   
 
          ==> Copying interfaces   
 
          ==> Generating Builder TMPDIR/Makefile   
 
          ==> Translation Successfully Completed!!!   
fd = mopen(TMPDIR+"/main.c");
mgetl(fd)
 ans  =
 
!/*                                                                    !
!                                                                      !
!** ************************************************                   !
!                                                                      !
!** This file has been generated using                                 !
!                                                                      !
!**      Scilab2C (Version 2.0)                                        !
!                                                                      !
!**                                                                    !
!                                                                      !
!** Please visit following links for more informations:                !
!                                                                      !
!** Atoms Module: http://atoms.scilab.org/toolboxes/scilab2c           !
!                                                                      !
!** Scilab2C Forge: http://forge.scilab.org/index.php/p/scilab2c/      !
!                                                                      !
!** Scilab2C ML: http://forge.scilab.org/index.php/p/scilab2c/         !
!                                                                      !
!** ************************************************                   !
!                                                                      !
!*/                                                                    !
!                                                                      !
!                                                                      !
!                                                                      !
!                                                                      !
!                                                                      !
!/*                                                                    !
!                                                                      !
!** -----------------                                                  !
!                                                                      !
!** --- Includes. ---                                                  !
!                                                                      !
!** -----------------                                                  !
!                                                                      !
!*/                                                                    !
!                                                                      !
!#include "main.h"                                                     !
!                                                                      !
!/*                                                                    !
!                                                                      !
!** ---------------------                                              !
!                                                                      !
!** --- End Includes. ---                                              !
!                                                                      !
!** ---------------------                                              !
!                                                                      !
!*/                                                                    !
!                                                                      !
!                                                                      !
!                                                                      !
!                                                                      !
!                                                                      !
!                                                                      !
!                                                                      !
!/*                                                                    !
!                                                                      !
!** -------------------------------------                              !
!                                                                      !
!** --- Global Variables Declaration. ---                              !
!                                                                      !
!** -------------------------------------                              !
!                                                                      !
!*/                                                                    !
!                                                                      !
!                                                                      !
!                                                                      !
!                                                                      !
!                                                                      !
!/*                                                                    !
!                                                                      !
!** -----------------------------------------                          !
!                                                                      !
!** --- End Global Variables Declaration. ---                          !
!                                                                      !
!** -----------------------------------------                          !
!                                                                      !
!*/                                                                    !
!                                                                      !
!                                                                      !
!                                                                      !
!/*                                                                    !
!                                                                      !
!  SCI2C: -------------------------------------------------------------!
!     -----                                                            !
!                                                                      !
!  SCI2C: function test_Type()                                         !
!                                                                      !
!  SCI2C: -------------------------------------------------------------!
!     -----                                                            !
!                                                                      !
!*/                                                                    !
!                                                                      !
!int main()                                                            !
!                                                                      !
!{                                                                     !
!                                                                      !
!/*                                                                    !
!                                                                      !
!** -----------------------------                                      !
!                                                                      !
!** --- Variable Declaration. ---                                      !
!                                                                      !
!** -----------------------------                                      !
!                                                                      !
!*/                                                                    !
!                                                                      !
!                                                                      !
!                                                                      !
!   double __temp1;                                                    !
!                                                                      !
!                                                                      !
!                                                                      !
!   double ans1;                                                       !
!                                                                      !
!                                                                      !
!                                                                      !
!   doubleComplex __temp2;                                             !
!                                                                      !
!                                                                      !
!                                                                      !
!   double __temp3;                                                    !
!                                                                      !
!                                                                      !
!                                                                      !
!   double ans2;                                                       !
!                                                                      !
!                                                                      !
!                                                                      !
!   double __temp4[1 * 2];                                             !
!                                                                      !
!   int ____temp4Size[2] = {1, 2};;                                    !
!                                                                      !
!                                                                      !
!                                                                      !
!   double __temp5;                                                    !
!                                                                      !
!                                                                      !
!                                                                      !
!   double ans3;                                                       !
!                                                                      !
!                                                                      !
!                                                                      !
!   doubleComplex __temp6[1 * 2];                                      !
!                                                                      !
!   int ____temp6Size[2] = {1, 2};;                                    !
!                                                                      !
!                                                                      !
!                                                                      !
!   double __temp7;                                                    !
!                                                                      !
!                                                                      !
!                                                                      !
!   double ans4;                                                       !
!                                                                      !
!                                                                      !
!                                                                      !
!                                                                      !
!                                                                      !
!                                                                      !
!                                                                      !
!                                                                      !
!                                                                      !
!/*                                                                    !
!                                                                      !
!** ---------------------------------                                  !
!                                                                      !
!** --- End Variable Declaration. ---                                  !
!                                                                      !
!** ---------------------------------                                  !
!                                                                      !
!*/                                                                    !
!                                                                      !
!/*                                                                    !
!                                                                      !
!** ---------------                                                    !
!                                                                      !
!** --- C code. ---                                                    !
!                                                                      !
!** ---------------                                                    !
!                                                                      !
!*/                                                                    !
!                                                                      !
!                                                                      !
!                                                                      !
!   /*SCI2C: ##########################################################!
!     ########                                                         !
!                                                                      !
!     SCI2C:                                                           !
!                                                                      !
!     SCI2C: ##########################################################!
!     ########*/                                                       !
!                                                                      !
!                                                                      !
!                                                                      !
!   /*SCI2C: ##########################################################!
!     ########                                                         !
!                                                                      !
!     SCI2C: 	disp(type(%pi));                                         !
!                                                                      !
!     SCI2C: ##########################################################!
!     ########*/                                                       !
!                                                                      !
!   __temp1 = d0typed0(SCI2C_PI);                                      !
!                                                                      !
!   ans1 = d0dispd0(__temp1);                                          !
!                                                                      !
!                                                                      !
!                                                                      !
!   /*SCI2C: ##########################################################!
!     ########                                                         !
!                                                                      !
!     SCI2C: 	disp(type(%pi + %i));                                    !
!                                                                      !
!     SCI2C: ##########################################################!
!     ########*/                                                       !
!                                                                      !
!   __temp2 = d0z0OpPlusz0(SCI2C_PI,DoubleComplex(0,1));               !
!                                                                      !
!   __temp3 = z0typed0(__temp2);                                       !
!                                                                      !
!   ans2 = d0dispd0(__temp3);                                          !
!                                                                      !
!                                                                      !
!                                                                      !
!   /*SCI2C: ##########################################################!
!     ########                                                         !
!                                                                      !
!     SCI2C: 	disp(type([%pi  4]));                                    !
!                                                                      !
!     SCI2C: ##########################################################!
!     ########*/                                                       !
!                                                                      !
!   d0d0OpRcd2(SCI2C_PI,4,__temp4);                                    !
!                                                                      !
!   __temp5 = d2typed0(__temp4,  ____temp4Size);                       !
!                                                                      !
!   ans3 = d0dispd0(__temp5);                                          !
!                                                                      !
!                                                                      !
!                                                                      !
!   /*SCI2C: ##########################################################!
!     ########                                                         !
!                                                                      !
!     SCI2C: 	disp(type([%pi %i]));	                                   !
!                                                                      !
!     SCI2C: ##########################################################!
!     ########*/                                                       !
!                                                                      !
!   d0z0OpRcz2(SCI2C_PI,DoubleComplex(0,1),__temp6);                   !
!                                                                      !
!   __temp7 = z2typed0(__temp6,  ____temp6Size);                       !
!                                                                      !
!   ans4 = d0dispd0(__temp7);                                          !
!                                                                      !
!                                                                      !
!                                                                      !
!   /*SCI2C: ##########################################################!
!     ########                                                         !
!                                                                      !
!     SCI2C:                                                           !
!                                                                      !
!     SCI2C: ##########################################################!
!     ########*/                                                       !
!                                                                      !
!                                                                      !
!                                                                      !
!   /*SCI2C: ##########################################################!
!     ########                                                         !
!                                                                      !
!     SCI2C: endfunction                                               !
!                                                                      !
!     SCI2C: ##########################################################!
!     ########*/                                                       !
!                                                                      !
!                                                                      !
!                                                                      !
!   /*SCI2C: ##########################################################!
!     ########                                                         !
!                                                                      !
!     SCI2C:                                                           !
!                                                                      !
!     SCI2C: ##########################################################!
!     ########*/                                                       !
!                                                                      !
!                                                                      !
!                                                                      !
!   /*                                                                 !
!                                                                      !
!   ** ---------------------                                           !
!                                                                      !
!   ** --- Free Section. ---                                           !
!                                                                      !
!   ** ---------------------                                           !
!                                                                      !
!   */                                                                 !
!                                                                      !
!   /*                                                                 !
!                                                                      !
!   ** -------------------------                                       !
!                                                                      !
!   ** --- End Free Section. ---                                       !
!                                                                      !
!   ** -------------------------                                       !
!                                                                      !
!   */                                                                 !
!                                                                      !
!                                                                      !
!                                                                      !
!   return(0);                                                         !
!                                                                      !
!                                                                      !
!                                                                      !
!   /*SCI2C: ##########################################################!
!     ########                                                         !
!                                                                      !
!     SCI2C:                                                           !
!                                                                      !
!     SCI2C: ##########################################################!
!     ########*/                                                       !
!                                                                      !
!}                                                                     !
!                                                                      !
!                                                                      !
mclose(fd);
